###############################################################################
#
# IAR ANSI C/C++ Compiler V9.30.1.335/W64 for ARM         09/Sep/2022  12:28:17
# Copyright 1999-2022 IAR Systems AB.
#
#    Cpu mode          =  thumb
#    Endian            =  little
#    Source file       =
#        C:\Users\v2msy\Documents\GitHub\Embedded_Team3\user\main.c
#    Command line      =
#        -f
#        C:\Users\v2msy\Documents\GitHub\Embedded_Team3\Debug\Obj\user\main.o.rsp
#        (C:\Users\v2msy\Documents\GitHub\Embedded_Team3\user\main.c -D
#        USE_STDPERIPH_DRIVER -D STM32F10X_CL -lC
#        C:\Users\v2msy\Documents\GitHub\Embedded_Team3\Debug\List\user -o
#        C:\Users\v2msy\Documents\GitHub\Embedded_Team3\Debug\Obj\user --no_cse
#        --no_unroll --no_inline --no_code_motion --no_tbaa --no_clustering
#        --no_scheduling --debug --endian=little --cpu=Cortex-M3 -e --fpu=None
#        --dlib_config "C:\Program Files\IAR Systems\Embedded Workbench
#        9.1\arm\inc\c\DLib_Config_Normal.h" -I
#        C:\Users\v2msy\Documents\GitHub\Embedded_Team3\Libraries\CMSIS\DeviceSupport\
#        -I
#        C:\Users\v2msy\Documents\GitHub\Embedded_Team3\Libraries\CMSIS\DeviceSupport\Startup\
#        -I
#        C:\Users\v2msy\Documents\GitHub\Embedded_Team3\Libraries\STM32F10x_StdPeriph_Driver_v3.5\inc\
#        -I
#        C:\Users\v2msy\Documents\GitHub\Embedded_Team3\Libraries\STM32F10x_StdPeriph_Driver_v3.5\src\
#        -I C:\Users\v2msy\Documents\GitHub\Embedded_Team3\user\ -I
#        C:\Users\v2msy\Documents\GitHub\Embedded_Team3\user\inc\ -Ol -I
#        "C:\Program Files\IAR Systems\Embedded Workbench
#        9.1\arm\CMSIS\Core\Include\\") --dependencies=n
#        C:\Users\v2msy\Documents\GitHub\Embedded_Team3\Debug\Obj\user\main.o.d
#    Locale            =  C
#    List file         =
#        C:\Users\v2msy\Documents\GitHub\Embedded_Team3\Debug\List\user\main.lst
#    Object file       =
#        C:\Users\v2msy\Documents\GitHub\Embedded_Team3\Debug\Obj\user\main.o
#    Runtime model:       
#      __CPP_Runtime   =  1
#      __SystemLibrary =  DLib
#      __dlib_version  =  6
#      __size_limit    =  32768|ARM.EW.LINKER
#
###############################################################################

C:\Users\v2msy\Documents\GitHub\Embedded_Team3\user\main.c
      1          #include "stm32f10x.h"
      2          

   \                                 In section .text, align 2, keep-with-next
      3          int main(void)
      4          {
      5            while (1) {
   \                     main: (+1)
   \                     ??main_0: (+1)
   \        0x0   0xE7FE             B.N      ??main_0
      6            }
      7            return 0;
                   ^
Warning[Pe111]: statement is unreachable
      8          }

   Maximum stack usage in bytes:

   .cstack Function
   ------- --------
       0   main


   Section sizes:

   Bytes  Function/Label
   -----  --------------
       2  main

 
 2 bytes in section .text
 
 2 bytes of CODE memory

Errors: none
Warnings: 1
